Error while flushing PostHog 131 | `,yK=ws.encode(Ma),PK=2;class Q8{constructor(i,n){let{escapeName:a}=this.constructor,c=w.isString(n),s=`Content-Disposition: form-data; name="${a(i)}"${!c&&n.name?`; filename="${a(n.name)}"`:""}${Ma}`;if(c)n=ws.encode(String(n).replace(/\r?\n|\r\n?/g,Ma));else{let p=String(n.type||"application/octet-stream").replace(/[\r\n]/g,"");s+=`Content-Type: ${p}${Ma}`}this.headers=ws.encode(s+Ma),this.contentLength=c?n.byteLength:n.size,this.size=this.headers.byteLength+this.contentLength+PK,this.name=i,this.value=n}async*encode(){yield this.headers;let{value:i}=this;if(w.isTypedArray(i))yield i;else yield*X8(i);yield yK}static escapeName(i){return String(i).replace(/[\r\n"]/g,(n)=>({"\r":"%0D","\n":"%0A",'"':"%22"})[n])}}var iY=(i,n,a)=>{let{tag:c="form-data-boundary",size:s=25,boundary:p=c+"-"+fi.generateString(s,EK)}=a||{};if(!w.isFormData(i))throw TypeError("FormData instance required");if(p.length<1||p.length>70)throw Error("boundary must be 1-70 characters long");let l=ws.encode("--"+p+Ma),m=ws.encode("--"+p+"--"
132 | `+l.map(l8).join(`
133 | `):" "+l8(l[0]):"as no adapter specified";throw new X("There is no suitable adapter to dispatch the request "+m,"ERR_NOT_SUPPORT")}return s}var M8={getAdapter:OY,adapters:Ju};function uu(i){if(i.cancelToken)i.cancelToken.throwIfRequested();if(i.signal&&i.signal.aborted)throw new ua(null,i)}function m8(i){if(uu(i),i.headers=Zi.from(i.headers),i.data=mu.call(i,i.transformRequest),["post","put","patch"].indexOf(i.method)!==-1)i.headers.setContentType("application/x-www-form-urlencoded",!1);return M8.getAdapter(i.adapter||$s.adapter,i)(i).then(function(c){uu(i),i.response=c;try{c.data=mu.call(i,i.transformResponse,c)}finally{delete i.response}return c.headers=Zi.from(c.headers),c},function(c){if(!K8(c)){if(uu(i),c&&c.response){i.response=c.response;try{c.response.data=mu.call(i,i.transformResponse,c.response)}finally{delete i.response}c.response.headers=Zi.from(c.response.headers)}}return Promise.reject(c)})}var ul={};["object","boolean","number","function","string","symbol"].forEach((i,n)=>{ul[i]=function(c){ret
134 | `);return p===-1?"":c.stack.slice(p+1)})();try{if(!a.stack)a.stack=s;else if(s){let p=s.indexOf(`
135 | `),l=p===-1?-1:s.indexOf(`
136 | `+s}}catch(p){}}throw a}}_request(i,n){if(typeof i==="string")n=n||{},n.url=i;else n=i||{};n=Fa(this.defaults,n);let{transitional:a,paramsSerializer:c,headers:s}=n;if(a!==void 0)il.assertOptions(a,{silentJSONParsing:ln.transitional(ln.boolean),forcedJSONParsing:ln.transitional(ln.boolean),clarifyTimeoutError:ln.transitional(ln.boolean),legacyInterceptorReqResOrdering:ln.transitional(ln.boolean)},!1);if(c!=null)if(w.isFunction(c))n.paramsSerializer={serialize:c};else il.assertOptions(c,{encode:ln.function,serialize:ln.function},!0);if(n.allowAbsoluteUrls!==void 0);else if(this.defaults.allowAbsoluteUrls!==void 0)n.allowAbsoluteUrls=this.defaults.allowAbsoluteUrls;else n.allowAbsoluteUrls=!0;il.assertOptions(n,{baseUrl:ln.spelling("baseURL"),withXsrfToken:ln.spelling("withXSRFToken")},!0),n.method=(n.method||this.defaults.method||"get").toLowerCase();let p=s&&w.merge(s.common,s[n.method]);s&&w.forEach(["delete","get","head","post","put","patch","query","common"],(e)=>{delete s[e]}),n.headers=Zi.concat(p,s);let 

PostHogFetchNetworkError: Network error while fetching PostHog
      at <anonymous> (/$bunfs/root/genmedia:136:31900)
      at async MX (/$bunfs/root/genmedia:136:18606)
      at async fetchWithRetry (/$bunfs/root/genmedia:136:31779)
      at async _flush (/$bunfs/root/genmedia:136:31160)

error: Unable to connect. Is the computer able to access the url?
  path: "https://us.i.posthog.com/batch/",
 errno: 0,
  code: "ConnectionRefused"


error: Unable to connect. Is the computer able to access the url?
  path: "https://us.i.posthog.com/batch/",
 errno: 0,
  code: "ConnectionRefused"


Error while flushing PostHog 131 | `,yK=ws.encode(Ma),PK=2;class Q8{constructor(i,n){let{escapeName:a}=this.constructor,c=w.isString(n),s=`Content-Disposition: form-data; name="${a(i)}"${!c&&n.name?`; filename="${a(n.name)}"`:""}${Ma}`;if(c)n=ws.encode(String(n).replace(/\r?\n|\r\n?/g,Ma));else{let p=String(n.type||"application/octet-stream").replace(/[\r\n]/g,"");s+=`Content-Type: ${p}${Ma}`}this.headers=ws.encode(s+Ma),this.contentLength=c?n.byteLength:n.size,this.size=this.headers.byteLength+this.contentLength+PK,this.name=i,this.value=n}async*encode(){yield this.headers;let{value:i}=this;if(w.isTypedArray(i))yield i;else yield*X8(i);yield yK}static escapeName(i){return String(i).replace(/[\r\n"]/g,(n)=>({"\r":"%0D","\n":"%0A",'"':"%22"})[n])}}var iY=(i,n,a)=>{let{tag:c="form-data-boundary",size:s=25,boundary:p=c+"-"+fi.generateString(s,EK)}=a||{};if(!w.isFormData(i))throw TypeError("FormData instance required");if(p.length<1||p.length>70)throw Error("boundary must be 1-70 characters long");let l=ws.encode("--"+p+Ma),m=ws.encode("--"+p+"--"
132 | `+l.map(l8).join(`
133 | `):" "+l8(l[0]):"as no adapter specified";throw new X("There is no suitable adapter to dispatch the request "+m,"ERR_NOT_SUPPORT")}return s}var M8={getAdapter:OY,adapters:Ju};function uu(i){if(i.cancelToken)i.cancelToken.throwIfRequested();if(i.signal&&i.signal.aborted)throw new ua(null,i)}function m8(i){if(uu(i),i.headers=Zi.from(i.headers),i.data=mu.call(i,i.transformRequest),["post","put","patch"].indexOf(i.method)!==-1)i.headers.setContentType("application/x-www-form-urlencoded",!1);return M8.getAdapter(i.adapter||$s.adapter,i)(i).then(function(c){uu(i),i.response=c;try{c.data=mu.call(i,i.transformResponse,c)}finally{delete i.response}return c.headers=Zi.from(c.headers),c},function(c){if(!K8(c)){if(uu(i),c&&c.response){i.response=c.response;try{c.response.data=mu.call(i,i.transformResponse,c.response)}finally{delete i.response}c.response.headers=Zi.from(c.response.headers)}}return Promise.reject(c)})}var ul={};["object","boolean","number","function","string","symbol"].forEach((i,n)=>{ul[i]=function(c){ret
134 | `);return p===-1?"":c.stack.slice(p+1)})();try{if(!a.stack)a.stack=s;else if(s){let p=s.indexOf(`
135 | `),l=p===-1?-1:s.indexOf(`
136 | `+s}}catch(p){}}throw a}}_request(i,n){if(typeof i==="string")n=n||{},n.url=i;else n=i||{};n=Fa(this.defaults,n);let{transitional:a,paramsSerializer:c,headers:s}=n;if(a!==void 0)il.assertOptions(a,{silentJSONParsing:ln.transitional(ln.boolean),forcedJSONParsing:ln.transitional(ln.boolean),clarifyTimeoutError:ln.transitional(ln.boolean),legacyInterceptorReqResOrdering:ln.transitional(ln.boolean)},!1);if(c!=null)if(w.isFunction(c))n.paramsSerializer={serialize:c};else il.assertOptions(c,{encode:ln.function,serialize:ln.function},!0);if(n.allowAbsoluteUrls!==void 0);else if(this.defaults.allowAbsoluteUrls!==void 0)n.allowAbsoluteUrls=this.defaults.allowAbsoluteUrls;else n.allowAbsoluteUrls=!0;il.assertOptions(n,{baseUrl:ln.spelling("baseURL"),withXsrfToken:ln.spelling("withXSRFToken")},!0),n.method=(n.method||this.defaults.method||"get").toLowerCase();let p=s&&w.merge(s.common,s[n.method]);s&&w.forEach(["delete","get","head","post","put","patch","query","common"],(e)=>{delete s[e]}),n.headers=Zi.concat(p,s);let 

PostHogFetchNetworkError: Network error while fetching PostHog
      at <anonymous> (/$bunfs/root/genmedia:136:31900)
      at async MX (/$bunfs/root/genmedia:136:18606)
      at async fetchWithRetry (/$bunfs/root/genmedia:136:31779)
      at async _flush (/$bunfs/root/genmedia:136:31160)

error: Unable to connect. Is the computer able to access the url?
  path: "https://us.i.posthog.com/batch/",
 errno: 0,
  code: "ConnectionRefused"


error: Unable to connect. Is the computer able to access the url?
  path: "https://us.i.posthog.com/batch/",
 errno: 0,
  code: "ConnectionRefused"


Error while flushing PostHog 131 | `,yK=ws.encode(Ma),PK=2;class Q8{constructor(i,n){let{escapeName:a}=this.constructor,c=w.isString(n),s=`Content-Disposition: form-data; name="${a(i)}"${!c&&n.name?`; filename="${a(n.name)}"`:""}${Ma}`;if(c)n=ws.encode(String(n).replace(/\r?\n|\r\n?/g,Ma));else{let p=String(n.type||"application/octet-stream").replace(/[\r\n]/g,"");s+=`Content-Type: ${p}${Ma}`}this.headers=ws.encode(s+Ma),this.contentLength=c?n.byteLength:n.size,this.size=this.headers.byteLength+this.contentLength+PK,this.name=i,this.value=n}async*encode(){yield this.headers;let{value:i}=this;if(w.isTypedArray(i))yield i;else yield*X8(i);yield yK}static escapeName(i){return String(i).replace(/[\r\n"]/g,(n)=>({"\r":"%0D","\n":"%0A",'"':"%22"})[n])}}var iY=(i,n,a)=>{let{tag:c="form-data-boundary",size:s=25,boundary:p=c+"-"+fi.generateString(s,EK)}=a||{};if(!w.isFormData(i))throw TypeError("FormData instance required");if(p.length<1||p.length>70)throw Error("boundary must be 1-70 characters long");let l=ws.encode("--"+p+Ma),m=ws.encode("--"+p+"--"
132 | `+l.map(l8).join(`
133 | `):" "+l8(l[0]):"as no adapter specified";throw new X("There is no suitable adapter to dispatch the request "+m,"ERR_NOT_SUPPORT")}return s}var M8={getAdapter:OY,adapters:Ju};function uu(i){if(i.cancelToken)i.cancelToken.throwIfRequested();if(i.signal&&i.signal.aborted)throw new ua(null,i)}function m8(i){if(uu(i),i.headers=Zi.from(i.headers),i.data=mu.call(i,i.transformRequest),["post","put","patch"].indexOf(i.method)!==-1)i.headers.setContentType("application/x-www-form-urlencoded",!1);return M8.getAdapter(i.adapter||$s.adapter,i)(i).then(function(c){uu(i),i.response=c;try{c.data=mu.call(i,i.transformResponse,c)}finally{delete i.response}return c.headers=Zi.from(c.headers),c},function(c){if(!K8(c)){if(uu(i),c&&c.response){i.response=c.response;try{c.response.data=mu.call(i,i.transformResponse,c.response)}finally{delete i.response}c.response.headers=Zi.from(c.response.headers)}}return Promise.reject(c)})}var ul={};["object","boolean","number","function","string","symbol"].forEach((i,n)=>{ul[i]=function(c){ret
134 | `);return p===-1?"":c.stack.slice(p+1)})();try{if(!a.stack)a.stack=s;else if(s){let p=s.indexOf(`
135 | `),l=p===-1?-1:s.indexOf(`
136 | `+s}}catch(p){}}throw a}}_request(i,n){if(typeof i==="string")n=n||{},n.url=i;else n=i||{};n=Fa(this.defaults,n);let{transitional:a,paramsSerializer:c,headers:s}=n;if(a!==void 0)il.assertOptions(a,{silentJSONParsing:ln.transitional(ln.boolean),forcedJSONParsing:ln.transitional(ln.boolean),clarifyTimeoutError:ln.transitional(ln.boolean),legacyInterceptorReqResOrdering:ln.transitional(ln.boolean)},!1);if(c!=null)if(w.isFunction(c))n.paramsSerializer={serialize:c};else il.assertOptions(c,{encode:ln.function,serialize:ln.function},!0);if(n.allowAbsoluteUrls!==void 0);else if(this.defaults.allowAbsoluteUrls!==void 0)n.allowAbsoluteUrls=this.defaults.allowAbsoluteUrls;else n.allowAbsoluteUrls=!0;il.assertOptions(n,{baseUrl:ln.spelling("baseURL"),withXsrfToken:ln.spelling("withXSRFToken")},!0),n.method=(n.method||this.defaults.method||"get").toLowerCase();let p=s&&w.merge(s.common,s[n.method]);s&&w.forEach(["delete","get","head","post","put","patch","query","common"],(e)=>{delete s[e]}),n.headers=Zi.concat(p,s);let 

PostHogFetchNetworkError: Network error while fetching PostHog
      at <anonymous> (/$bunfs/root/genmedia:136:31900)
      at async MX (/$bunfs/root/genmedia:136:18606)
      at async fetchWithRetry (/$bunfs/root/genmedia:136:31779)
      at async _flush (/$bunfs/root/genmedia:136:31160)

error: Unable to connect. Is the computer able to access the url?
  path: "https://us.i.posthog.com/batch/",
 errno: 0,
  code: "ConnectionRefused"


error: Unable to connect. Is the computer able to access the url?
  path: "https://us.i.posthog.com/batch/",
 errno: 0,
  code: "ConnectionRefused"


